gdb .\problem03.exe                     
GNU gdb (GDB) 7.6.1
Copyright (C) 2013 Free Software Foundation, Inc.
License GPLv3+: GNU GPL version 3 or later <http://gnu.org/licenses/gpl.html>
This is free software: you are free to change and redistribute it.
There is NO WARRANTY, to the extent permitted by law.  Type "show copying"
and "show warranty" for details.
This GDB was configured as "mingw32".
For bug reporting instructions, please see:
<http://www.gnu.org/software/gdb/bugs/>...
Reading symbols from C:\Users\ashwini\PSC\c-activity-sets-1\set01\problem03.exe...done.
(gdb) r
Starting program: C:\Users\ashwini\PSC\c-activity-sets-1\set01/.\problem03.exe
[New Thread 27672.0x2c84]
[New Thread 27672.0x8acc]
enter the number1 4 
enter the numberthe sum of 0+0=0[Inferior 1 (process 27672) exited normally]
(gdb) 1 2
Undefined command: "1".  Try "help".
(gdb) r
Starting program: C:\Users\ashwini\PSC\c-activity-sets-1\set01/.\problem03.exe
[New Thread 34060.0x8b40]
[New Thread 34060.0x8d94]
enter the number
1 5
enter the numberthe sum of 0+0=0[Inferior 1 (process 34060) exited normally]
(gdb) b main
Breakpoint 1 at 0x4014da: file problem03.c, line 22.
(gdb) c
The program is not being run.
(gdb) b main
Note: breakpoint 1 also set at pc 0x4014da.
Breakpoint 2 at 0x4014da: file problem03.c, line 22.
(gdb) r
Starting program: C:\Users\ashwini\PSC\c-activity-sets-1\set01/.\problem03.exe
[New Thread 7352.0x5f2c]
[New Thread 7352.0x89fc]

Breakpoint 1, main () at problem03.c:22
warning: Source file is more recent than executable.
22          a= input();
(gdb) c
Continuing.
enter the number 1 5
enter the numberthe sum of 0+0=0[Inferior 1 (process 7352) exited normally]
(gdb) q